date_utc 2026-10-01T10:53:28Z
CPU(s):                                  12
Model name:                              AMD Ryzen 5 5500
python 3.12.13
62b01461f85c0cb4846de31c88b52f139773da819bd2cec3c3e252feaa38ffda  <repo>/benchmarks/qml_home_eval.py
77c97a2ba8335500a74a7e8e3b251b772f2c324a060fe288c6f9cf11a00136ce  benchmarks/run_qml_home_2026-10-01.sh
680cf08 Addendum 290: pre-registration of the home QML test (classifier through four compilers on noisy fake devices); locks qml_home_eval.py and its runner
== Q1 10:53:28
== Q2 10:53:28
   done REL FakeAuckland 42 (266 s)
   done REL FakeAuckland 41 (267 s)
   done C2 FakeAuckland 42 (267 s)
   done C2 FakeAuckland 41 (268 s)
   done A5 FakeAuckland 41 (526 s)
   done A5 FakeAuckland 42 (526 s)
   done L3T FakeAuckland 41 (536 s)
   done L3T FakeAuckland 42 (536 s)
   done REL FakeTorino 41 (2357 s)
   done REL FakeTorino 42 (2360 s)
   done C2 FakeTorino 42 (2626 s)
   done C2 FakeTorino 41 (2635 s)
   done A5 FakeTorino 42 (3197 s)
   done A5 FakeTorino 41 (3217 s)
   done L3T FakeTorino 42 (4194 s)
   done L3T FakeTorino 41 (4208 s)
== Q1 finished; all runs finished after 4208 s
## Q1: theta* through each compiler (noisy test accuracy / mean margin / median 2q)

| device | REL | C2 | A5 | L3T |
|---|---|---|---|---|
| FakeAuckland | 0.969 / 0.5094 / 17 | 0.969 / 0.5094 / 17 | 0.969 / 0.5184 / 17 | 0.969 / 0.5061 / 17 |
| FakeTorino | 0.969 / 0.5075 / 26 | 0.969 / 0.5120 / 20 | 0.969 / 0.5304 / 17 | 0.969 / 0.5299 / 17 |
| FakeKingston | 0.969 / 0.5306 / 26 | 0.969 / 0.5323 / 20 | 0.969 / 0.5384 / 17 | 0.969 / 0.5387 / 17 |

- H1 (C2 margin >= REL - 0.005 on every device): **CONFIRMED**
- H2 (A5 margin >= L3T - 0.005 on >= 2 of 3 devices): **CONFIRMED** (3 of 3)
- H3 (noisy accuracy >= theta* - 2/32 for every arm on Torino and Kingston): **CONFIRMED**

## Q2: learning with the compiler in the loop (mean over seeds)

IDEAL (noiseless, same seeds): test accuracy 0.812, seed 41: 1.000 / loss 0.212, seed 42: 0.625 / loss 0.706

| device | arm | noisy test acc | noisy test margin | noisy train loss | noiseless acc of result | compiles | compile s (home) | median 2q |
|---|---|---|---|---|---|---|---|---|
| FakeAuckland | REL | 0.828 | 0.3388 | 0.4908 | 0.844 | 2656 | 15.1 | 17 |
| FakeAuckland | C2 | 0.828 | 0.3388 | 0.4908 | 0.844 | 2656 | 16.2 | 17 |
| FakeAuckland | A5 | 0.812 | 0.3538 | 0.4681 | 0.828 | 2656 | 268.5 | 17 |
| FakeAuckland | L3T | 0.828 | 0.3409 | 0.4854 | 0.828 | 2656 | 17.0 | 17 |
| FakeTorino | REL | 0.812 | 0.3446 | 0.4795 | 0.828 | 2656 | 38.2 | 26 |
| FakeTorino | C2 | 0.812 | 0.3477 | 0.4766 | 0.828 | 2656 | 60.8 | 20 |
| FakeTorino | A5 | 0.828 | 0.3571 | 0.4706 | 0.828 | 2656 | 630.7 | 17 |
| FakeTorino | L3T | 0.828 | 0.3563 | 0.4718 | 0.828 | 2656 | 22.4 | 17 |

- H4 (every arm's noisy test accuracy >= IDEAL - 0.10): **CONFIRMED**
- H5 (train loss C2 <= REL + 0.01 and A5 <= L3T + 0.01 on both devices): **CONFIRMED**

QML HOME DONE
