date_utc 2026-10-02T07:51:35Z
CPU(s):                                  12
Model name:                              AMD Ryzen 5 5500
python 3.12.13
6031fb533f634843f388c8e89a820376e6e8e4a058854182179193ac5dc794cb  <repo>/benchmarks/c4_eval.py
381c93c87a75199cba8c6d054af0cc7346454058ee5c906a6ede2761455ffc27  benchmarks/run_c4_2026-10-02.sh
29dd762 Addendum 306: candidate c4 pre-registration (error-aware layout via Target; smoke unfavourable, run unchanged); locks the candidate, its tests and c4_eval
PAR 6
   done FakeKingston C4 F5 (14 s)
   done FakeKingston C4 F2 (18 s)
   done FakeKingston C4 F4 (21 s)
   done FakeTorino C4 F1 (23 s)
   done FakeKingston C4 F1 (25 s)
   done FakeTorino C4 F2 (27 s)
   done FakeKingston C4 F3 (28 s)
   done FakeTorino C4 F5 (32 s)
   done FakeAuckland C4 F2 (33 s)
   done FakeAuckland C4 F1 (36 s)
   done FakeTorino C4 F4 (37 s)
   done FakeAuckland C4 F5 (37 s)
   done FakeAuckland C4 F3 (39 s)
   done FakeAuckland C4 F4 (40 s)
   done FakeTorino C4 F3 (41 s)
   done FakeKingston C3 F5 (54 s)
   done FakeKingston C3 F2 (56 s)
   done FakeKingston C3 F4 (61 s)
   done FakeKingston C3 F1 (64 s)
   done FakeKingston C3 F3 (66 s)
   done FakeTorino C3 F1 (70 s)
   done FakeTorino C3 F2 (71 s)
   done FakeTorino C3 F5 (75 s)
   done FakeAuckland C3 F2 (76 s)
   done FakeAuckland C3 F1 (77 s)
   done FakeTorino C3 F4 (79 s)
   done FakeAuckland C3 F5 (80 s)
   done FakeTorino C3 F3 (80 s)
   done FakeAuckland C3 F4 (82 s)
   done FakeAuckland C3 F3 (83 s)
   done FakeKingston L3T F5 (94 s)
   done FakeKingston L3T F2 (95 s)
   done FakeKingston L3T F4 (98 s)
   done FakeKingston L3T F1 (98 s)
   done FakeTorino L3T F1 (101 s)
   done FakeKingston L3T F3 (103 s)
   done FakeTorino L3T F5 (108 s)
   done FakeTorino L3T F2 (108 s)
   done FakeAuckland L3T F2 (109 s)
   done FakeAuckland L3T F1 (112 s)
   done FakeAuckland L3T F5 (113 s)
   done FakeTorino L3T F4 (113 s)
   done FakeTorino L3T F3 (115 s)
   done FakeAuckland L3T F4 (115 s)
   done FakeAuckland L3T F3 (117 s)
== all jobs finished after 117 s
| F1 | FakeTorino | 1.511 | 1.291 | 0.855 | 59.2 / 59.2 / 53.7 |
| F1 | FakeKingston | 1.115 | 1.528 | 1.371 | 57.3 / 57.3 / 53.8 |
| F2 | FakeAuckland | 1.147 | 1.045 | 0.911 | 47.2 / 47.2 / 45.4 |
| F2 | FakeTorino | 1.189 | 1.214 | 1.021 | 48.1 / 48.4 / 46.4 |
| F2 | FakeKingston | 1.148 | 1.488 | 1.296 | 48.1 / 48.1 / 45.8 |
| F3o | FakeAuckland | 1.377 | 1.288 | 0.936 | 60.0 / 60.0 / 60.0 |
| F3o | FakeTorino | 1.240 | 1.313 | 1.059 | 60.0 / 60.0 / 60.0 |
| F3o | FakeKingston | 1.459 | 1.269 | 0.870 | 60.0 / 60.0 / 60.0 |
| F3p | FakeAuckland | 1.252 | 1.381 | 1.103 | 114.0 / 114.0 / 114.0 |
| F3p | FakeTorino | 1.051 | 1.606 | 1.527 | 114.0 / 114.0 / 114.0 |
| F3p | FakeKingston | 1.233 | 1.634 | 1.326 | 114.0 / 114.0 / 114.0 |
| F4 | FakeAuckland | 1.031 | 1.039 | 1.007 | 42.2 / 42.2 / 41.7 |
| F4 | FakeTorino | 1.696 | 1.407 | 0.830 | 42.2 / 42.2 / 42.0 |
| F4 | FakeKingston | 1.195 | 1.608 | 1.346 | 42.5 / 42.5 / 41.7 |
| F5 | FakeAuckland | 1.244 | 1.048 | 0.842 | 5.0 / 5.0 / 5.0 |
| F5 | FakeTorino | 1.299 | 1.375 | 1.059 | 5.0 / 5.0 / 5.0 |
| F5 | FakeKingston | 1.538 | 1.578 | 1.026 | 5.0 / 5.0 / 5.0 |

C4 backstop recompiles (item 31 path): 0

## Predictions

- H1 (chains: C4/L3T <= 1.05 on every device): **REFUTED** (FakeAuckland 1.258, FakeTorino 1.320, FakeKingston 1.301)
- H2 (C4 <= C3 in >= 16 of 18 cells and no cell > 1.10): **REFUTED** (7 of 18 <= 1.0; max 1.527)
- H3 (C4/L3T <= 1.10 in every cell): **REFUTED** (max 1.634)
- H4 (C4 never uses a failed coupler or qubit): **CONFIRMED** (0 uses)
- H5 (median compile time C4 <= 2 x C3): **CONFIRMED** (C3 0.028 s, C4 0.014 s)

Reported: median compile s C3 0.028, C4 0.014, L3T 0.015

C4 DONE
