date_utc 2026-10-02T10:32:42Z
CPU(s):                                  12
Model name:                              AMD Ryzen 5 5500
python 3.12.13 qiskit 2.5.2 aer 0.17.2 pennylane 0.45.1
14e19d61b3dd08d062fad6a75ed208eb6b762c2fdb50d5f1d4bd256b0182409e  <repo>/benchmarks/ai6_eval.py
5c30f48d209059561d6fc1bb6a2f3a450b72a71d860ef89f07680e3c200d3a60  benchmarks/run_ai6_2026-10-02.sh
c8dc903 Addendum 312: AI front end a6 pre-registration (psf_ai_compile a5 with release 2026-10-02.2 inside; fast mode); locks the candidate, its tests and ai6_eval
PAR 6
prep: 153 collected, 153 converted, 0 skipped
   done FakeAuckland A6 F4 (48 s)
   done FakeAuckland A6 F1 (90 s)
   done FakeTorino A6 F4 (119 s)
   done FakeKingston A6 F4 (144 s)
   done FakeTorino A6 F1 (164 s)
   done FakeKingston A6 F1 (203 s)
   done FakeAuckland A6 F3 (210 s)
   done FakeAuckland A6 F2 (246 s)
   done FakeKingston A6 F2 (262 s)
   done FakeTorino A6 F2 (266 s)
   done FakeAuckland A6 F5 (275 s)
   done FakeKingston A6 F5 (307 s)
   done FakeTorino A6 F5 (319 s)
   done FakeAuckland A6 MODEL (335 s)
   done FakeTorino A6 F3 (346 s)
   done FakeTorino A6 MODEL (354 s)
   done FakeKingston A6 F3 (354 s)
   done FakeKingston A6 MODEL (361 s)
   done FakeAuckland A5 F4 (409 s)
   done FakeAuckland A5 F1 (437 s)
   done FakeTorino A5 F4 (475 s)
   done FakeTorino A5 F1 (499 s)
   done FakeKingston A5 F4 (501 s)
   done FakeKingston A5 F1 (523 s)
   done FakeAuckland A5 F2 (566 s)
   done FakeAuckland A5 F3 (570 s)
   done FakeTorino A5 F2 (603 s)
   done FakeAuckland A5 F5 (615 s)
   done FakeKingston A5 F2 (616 s)
   done FakeTorino A5 F5 (643 s)
   done FakeKingston A5 F5 (660 s)
   done FakeAuckland A5 MODEL (672 s)
   done FakeTorino A5 MODEL (694 s)
   done FakeTorino A5 F3 (695 s)
   done FakeKingston A5 MODEL (710 s)
   done FakeKingston A5 F3 (718 s)
   done FakeAuckland A6F F1 (749 s)
   done FakeAuckland A6F F4 (751 s)
   done FakeKingston A6F F4 (761 s)
   done FakeTorino A6F F4 (770 s)
   done FakeKingston A6F F1 (771 s)
   done FakeTorino A6F F1 (775 s)
   done FakeAuckland A6F F2 (806 s)
   done FakeAuckland A6F F3 (816 s)
   done FakeKingston A6F F5 (834 s)
   done FakeTorino A6F F2 (837 s)
   done FakeTorino A6F F5 (839 s)
   done FakeKingston A6F F2 (843 s)
   done FakeAuckland A6F F5 (843 s)
   done FakeTorino A6F F3 (844 s)
   done FakeKingston A6F F3 (853 s)
   done FakeAuckland A6F MODEL (864 s)
   done FakeAuckland C5 F1 (865 s)
   done FakeTorino C5 F1 (868 s)
   done FakeKingston C5 F1 (871 s)
   done FakeAuckland C5 F4 (876 s)
   done FakeTorino C5 F4 (883 s)
   done FakeKingston C5 F4 (885 s)
   done FakeTorino A6F MODEL (886 s)
   done FakeKingston A6F MODEL (890 s)
   done FakeAuckland C5 F3 (894 s)
   done FakeAuckland C5 F2 (896 s)
   done FakeKingston C5 F3 (899 s)
   done FakeTorino C5 F3 (901 s)
   done FakeTorino C5 F2 (902 s)
   done FakeAuckland C5 F5 (902 s)
   done FakeKingston C5 F2 (904 s)
   done FakeAuckland C5 MODEL (907 s)
   done FakeTorino C5 F5 (907 s)
   done FakeKingston C5 F5 (908 s)
   done FakeTorino C5 MODEL (916 s)
   done FakeKingston C5 MODEL (918 s)
   done FakeAuckland L3T F1 (919 s)
   done FakeAuckland L3T F4 (926 s)
   done FakeKingston L3T F4 (927 s)
   done FakeKingston L3T F1 (927 s)
   done FakeTorino L3T F1 (927 s)
   done FakeTorino L3T F4 (932 s)
   done FakeAuckland L3T F3 (938 s)
   done FakeAuckland L3T F2 (938 s)
   done FakeTorino L3T F2 (941 s)
   done FakeKingston L3T F2 (944 s)
   done FakeKingston L3T F3 (944 s)
   done FakeAuckland L3T F5 (945 s)
   done FakeTorino L3T F3 (948 s)
   done FakeTorino L3T F5 (948 s)
   done FakeAuckland L3T MODEL (950 s)
   done FakeKingston L3T F5 (950 s)
   done FakeTorino L3T MODEL (955 s)
   done FakeKingston L3T MODEL (956 s)
== all jobs finished after 956 s
| F1 | FakeTorino | 1.000 | 0.925 | 0.991 | 59.2 / 53.7 / 53.7 / 53.7 / 53.7 |
| F1 | FakeKingston | 1.000 | 0.933 | 0.989 | 57.3 / 53.5 / 53.5 / 53.5 / 53.8 |
| F2 | FakeAuckland | 1.000 | 0.915 | 0.952 | 47.2 / 44.5 / 44.5 / 44.4 / 45.4 |
| F2 | FakeTorino | 1.000 | 0.962 | 0.976 | 48.4 / 45.5 / 45.5 / 45.5 / 46.4 |
| F2 | FakeKingston | 1.000 | 0.940 | 0.974 | 48.1 / 45.1 / 45.1 / 45.1 / 45.8 |
| F3 | FakeAuckland | 1.000 | 0.999 | 1.178 | 87.0 / 87.0 / 87.0 / 87.0 / 87.0 |
| F3 | FakeTorino | 1.000 | 0.996 | 1.002 | 87.0 / 87.0 / 87.0 / 87.0 / 87.0 |
| F3 | FakeKingston | 1.000 | 0.943 | 0.995 | 87.0 / 87.0 / 87.0 / 87.0 / 87.0 |
| F4 | FakeAuckland | 1.000 | 0.935 | 0.935 | 42.2 / 41.0 / 41.0 / 41.0 / 41.7 |
| F4 | FakeTorino | 1.000 | 0.974 | 0.947 | 42.2 / 41.1 / 41.1 / 41.1 / 42.0 |
| F4 | FakeKingston | 1.000 | 0.970 | 0.955 | 42.5 / 41.1 / 41.1 / 41.1 / 41.7 |
| F5 | FakeAuckland | 1.000 | 0.932 | 0.932 | 5.0 / 5.0 / 5.0 / 5.0 / 5.0 |
| F5 | FakeTorino | 1.000 | 0.997 | 0.997 | 5.0 / 5.0 / 5.0 / 5.0 / 5.0 |
| F5 | FakeKingston | 1.000 | 0.999 | 0.999 | 5.0 / 5.0 / 5.0 / 5.0 / 5.0 |
| MODEL | FakeAuckland | 1.000 | 0.731 | 0.740 | 6.3 / 5.8 / 5.8 / 5.8 / 6.3 |
| MODEL | FakeTorino | 0.999 | 0.921 | 0.932 | 6.3 / 5.9 / 5.9 / 5.8 / 6.3 |
| MODEL | FakeKingston | 1.000 | 0.914 | 0.934 | 6.4 / 5.9 / 5.9 / 5.9 / 6.3 |

## Predictions

- H1 (A6/A5 <= 1.00 on every device, GAP and MODEL): **AMBIGUOUS** (GAP/FakeAuckland 1.000, GAP/FakeTorino 1.000, GAP/FakeKingston 1.000, MODEL/FakeAuckland 1.000, MODEL/FakeTorino 0.999, MODEL/FakeKingston 1.000)
- H2 (GAP: A6/A5 <= 0.98 on both Heron devices): **AMBIGUOUS** (FakeTorino 1.000, FakeKingston 1.000)
- H3 (MODEL: A6/C5 <= 0.95 on every device): **CONFIRMED** (FakeAuckland 0.731, FakeTorino 0.921, FakeKingston 0.914)
- H4 (GAP: A6/C5 <= 1.00 on every device): **CONFIRMED** (FakeAuckland 0.967, FakeTorino 0.963, FakeKingston 0.945)
- H5 (fast mode: A6F/A6 <= 1.05 on the Heron devices, GAP and MODEL, and median time A6F <= 0.5 x A6): **CONFIRMED** (GAP/FakeTorino 1.002, GAP/FakeKingston 1.006, MODEL/FakeTorino 1.020, MODEL/FakeKingston 1.021; median A6F 0.297 s, A6 0.611 s)
- H6 (A6/L3T <= 1.00 on every device, GAP and MODEL): **AMBIGUOUS** (GAP/FakeAuckland 1.024, GAP/FakeTorino 0.984, GAP/FakeKingston 0.983, MODEL/FakeAuckland 0.740, MODEL/FakeTorino 0.932, MODEL/FakeKingston 0.934)
- H7 (C5, A6 and A6F never use a failed coupler or qubit): **CONFIRMED** ({'C5': 0, 'A5': 0, 'A6': 0, 'A6F': 0, 'L3T': 0})
- H8 (median compile time A6 <= 1.3 x A5): **CONFIRMED** (A5 0.613 s, A6 0.611 s)

Reported: median compile s C5 0.028, A5 0.613, A6 0.611, A6F 0.297, L3T 0.014
Reported: circuits with an off-target instruction, by arm: C5 0, A5 0, A6 0, A6F 0, L3T 0

AI6 DONE
